// Jest Snapshot v1, https://goo.gl/fbAQLP

exports[`NavBar route component renders the UI as expected 1`] = `
<div
  className="NavBar__outer"
>
  <nav
    className="NavBar"
  >
    <a
      aria-current="page"
      className="active"
      href="/"
      onClick={[Function]}
      style={Object {}}
    >
      <svg
        aria-hidden="true"
        className="svg-inline--fa fa-door-open fa-w-20 blue"
        data-icon="door-open"
        data-prefix="fas"
        focusable="false"
        role="img"
        style={Object {}}
        viewBox="0 0 640 512"
        xmlns="http://www.w3.org/2000/svg"
      >
        <path
          d="M624 448h-80V113.45C544 86.19 522.47 64 496 64H384v64h96v384h144c8.84 0 16-7.16 16-16v-32c0-8.84-7.16-16-16-16zM312.24 1.01l-192 49.74C105.99 54.44 96 67.7 96 82.92V448H16c-8.84 0-16 7.16-16 16v32c0 8.84 7.16 16 16 16h336V33.18c0-21.58-19.56-37.41-39.76-32.17zM264 288c-13.25 0-24-14.33-24-32s10.75-32 24-32 24 14.33 24 32-10.75 32-24 32z"
          fill="currentColor"
          style={Object {}}
        />
      </svg>
      <h1>
        EstateCloud
      </h1>
    </a>
    <div
      className="burger"
      onClick={[Function]}
    >
      <div
        className="line1"
      />
      <div
        className="line2"
      />
      <div
        className="line3"
      />
    </div>
    <ul
      className="nav-links"
    >
      <li>
        <a
          aria-current={null}
          href="/register"
          onClick={[Function]}
        >
          Register
        </a>
      </li>
      <li>
        <a
          aria-current={null}
          href="/login"
          onClick={[Function]}
        >
          Login
        </a>
      </li>
    </ul>
  </nav>
</div>
`;
